Checking and installing required Python libraries...
Requirement already satisfied: pip in ./birul001-gan/lib/python3.9/site-packages (25.2)
Requirement already satisfied: accelerate==1.10.1 in ./birul001-gan/lib/python3.9/site-packages (from -r /home/msai/birul001/gan-project/gan-HC-SCDNet/ccds-files/requirement.txt (line 1)) (1.10.1)
Requirement already satisfied: alembic==1.16.5 in ./birul001-gan/lib/python3.9/site-packages (from -r /home/msai/birul001/gan-project/gan-HC-SCDNet/ccds-files/requirement.txt (line 2)) (1.16.5)
Requirement already satisfied: banal==1.0.6 in ./birul001-gan/lib/python3.9/site-packages (from -r /home/msai/birul001/gan-project/gan-HC-SCDNet/ccds-files/requirement.txt (line 3)) (1.0.6)
Requirement already satisfied: bert-score==0.3.13 in ./birul001-gan/lib/python3.9/site-packages (from -r /home/msai/birul001/gan-project/gan-HC-SCDNet/ccds-files/requirement.txt (line 4)) (0.3.13)
Requirement already satisfied: dataset==1.6.2 in ./birul001-gan/lib/python3.9/site-packages (from -r /home/msai/birul001/gan-project/gan-HC-SCDNet/ccds-files/requirement.txt (line 5)) (1.6.2)
Requirement already satisfied: datasets==4.0.0 in ./birul001-gan/lib/python3.9/site-packages (from -r /home/msai/birul001/gan-project/gan-HC-SCDNet/ccds-files/requirement.txt (line 6)) (4.0.0)
Requirement already satisfied: diffusers==0.34.0 in ./birul001-gan/lib/python3.9/site-packages (from -r /home/msai/birul001/gan-project/gan-HC-SCDNet/ccds-files/requirement.txt (line 7)) (0.34.0)
Requirement already satisfied: dill==0.3.8 in ./birul001-gan/lib/python3.9/site-packages (from -r /home/msai/birul001/gan-project/gan-HC-SCDNet/ccds-files/requirement.txt (line 8)) (0.3.8)
Requirement already satisfied: faiss-cpu==1.12.0 in ./birul001-gan/lib/python3.9/site-packages (from -r /home/msai/birul001/gan-project/gan-HC-SCDNet/ccds-files/requirement.txt (line 9)) (1.12.0)
Requirement already satisfied: fsspec==2025.3.0 in ./birul001-gan/lib/python3.9/site-packages (from -r /home/msai/birul001/gan-project/gan-HC-SCDNet/ccds-files/requirement.txt (line 10)) (2025.3.0)
Requirement already satisfied: huggingface-hub==0.35.3 in ./birul001-gan/lib/python3.9/site-packages (from -r /home/msai/birul001/gan-project/gan-HC-SCDNet/ccds-files/requirement.txt (line 11)) (0.35.3)
Requirement already satisfied: joblib==1.5.2 in ./birul001-gan/lib/python3.9/site-packages (from -r /home/msai/birul001/gan-project/gan-HC-SCDNet/ccds-files/requirement.txt (line 12)) (1.5.2)
Requirement already satisfied: jsonpointer==2.0 in ./birul001-gan/lib/python3.9/site-packages (from -r /home/msai/birul001/gan-project/gan-HC-SCDNet/ccds-files/requirement.txt (line 13)) (2.0)
Requirement already satisfied: lxml==6.0.1 in ./birul001-gan/lib/python3.9/site-packages (from -r /home/msai/birul001/gan-project/gan-HC-SCDNet/ccds-files/requirement.txt (line 14)) (6.0.1)
Requirement already satisfied: Mako==1.3.10 in ./birul001-gan/lib/python3.9/site-packages (from -r /home/msai/birul001/gan-project/gan-HC-SCDNet/ccds-files/requirement.txt (line 15)) (1.3.10)
Requirement already satisfied: matplotlib in ./birul001-gan/lib/python3.9/site-packages (from -r /home/msai/birul001/gan-project/gan-HC-SCDNet/ccds-files/requirement.txt (line 16)) (3.9.4)
Requirement already satisfied: multiprocess==0.70.16 in ./birul001-gan/lib/python3.9/site-packages (from -r /home/msai/birul001/gan-project/gan-HC-SCDNet/ccds-files/requirement.txt (line 17)) (0.70.16)
Requirement already satisfied: munkres==1.1.4 in ./birul001-gan/lib/python3.9/site-packages (from -r /home/msai/birul001/gan-project/gan-HC-SCDNet/ccds-files/requirement.txt (line 18)) (1.1.4)
Requirement already satisfied: numpy==1.26.4 in ./birul001-gan/lib/python3.9/site-packages (from -r /home/msai/birul001/gan-project/gan-HC-SCDNet/ccds-files/requirement.txt (line 19)) (1.26.4)
Requirement already satisfied: opencv-python in ./birul001-gan/lib/python3.9/site-packages (from -r /home/msai/birul001/gan-project/gan-HC-SCDNet/ccds-files/requirement.txt (line 20)) (4.11.0.86)
Requirement already satisfied: pandas==2.3.2 in ./birul001-gan/lib/python3.9/site-packages (from -r /home/msai/birul001/gan-project/gan-HC-SCDNet/ccds-files/requirement.txt (line 21)) (2.3.2)
Requirement already satisfied: portalocker==3.2.0 in ./birul001-gan/lib/python3.9/site-packages (from -r /home/msai/birul001/gan-project/gan-HC-SCDNet/ccds-files/requirement.txt (line 22)) (3.2.0)
Requirement already satisfied: pyarrow==21.0.0 in ./birul001-gan/lib/python3.9/site-packages (from -r /home/msai/birul001/gan-project/gan-HC-SCDNet/ccds-files/requirement.txt (line 23)) (21.0.0)
Requirement already satisfied: PyQt5-sip==12.12.2 in ./birul001-gan/lib/python3.9/site-packages (from -r /home/msai/birul001/gan-project/gan-HC-SCDNet/ccds-files/requirement.txt (line 24)) (12.12.2)
Requirement already satisfied: pytz==2025.2 in ./birul001-gan/lib/python3.9/site-packages (from -r /home/msai/birul001/gan-project/gan-HC-SCDNet/ccds-files/requirement.txt (line 25)) (2025.2)
Requirement already satisfied: sacrebleu==2.5.1 in ./birul001-gan/lib/python3.9/site-packages (from -r /home/msai/birul001/gan-project/gan-HC-SCDNet/ccds-files/requirement.txt (line 26)) (2.5.1)
Requirement already satisfied: safetensors==0.6.2 in ./birul001-gan/lib/python3.9/site-packages (from -r /home/msai/birul001/gan-project/gan-HC-SCDNet/ccds-files/requirement.txt (line 27)) (0.6.2)
Requirement already satisfied: scikit-learn in ./birul001-gan/lib/python3.9/site-packages (from -r /home/msai/birul001/gan-project/gan-HC-SCDNet/ccds-files/requirement.txt (line 28)) (1.6.1)
Requirement already satisfied: scipy in ./birul001-gan/lib/python3.9/site-packages (from -r /home/msai/birul001/gan-project/gan-HC-SCDNet/ccds-files/requirement.txt (line 29)) (1.13.1)
Requirement already satisfied: sentence-transformers==5.1.0 in ./birul001-gan/lib/python3.9/site-packages (from -r /home/msai/birul001/gan-project/gan-HC-SCDNet/ccds-files/requirement.txt (line 30)) (5.1.0)
Requirement already satisfied: SQLAlchemy==1.4.54 in ./birul001-gan/lib/python3.9/site-packages (from -r /home/msai/birul001/gan-project/gan-HC-SCDNet/ccds-files/requirement.txt (line 31)) (1.4.54)
Requirement already satisfied: tabulate==0.9.0 in ./birul001-gan/lib/python3.9/site-packages (from -r /home/msai/birul001/gan-project/gan-HC-SCDNet/ccds-files/requirement.txt (line 32)) (0.9.0)
Requirement already satisfied: threadpoolctl==3.6.0 in ./birul001-gan/lib/python3.9/site-packages (from -r /home/msai/birul001/gan-project/gan-HC-SCDNet/ccds-files/requirement.txt (line 33)) (3.6.0)
Requirement already satisfied: tokenizers==0.22.0 in ./birul001-gan/lib/python3.9/site-packages (from -r /home/msai/birul001/gan-project/gan-HC-SCDNet/ccds-files/requirement.txt (line 34)) (0.22.0)
Requirement already satisfied: torch==2.2.2 in ./birul001-gan/lib/python3.9/site-packages (from -r /home/msai/birul001/gan-project/gan-HC-SCDNet/ccds-files/requirement.txt (line 35)) (2.2.2)
Requirement already satisfied: torchaudio==2.2.2 in ./birul001-gan/lib/python3.9/site-packages (from -r /home/msai/birul001/gan-project/gan-HC-SCDNet/ccds-files/requirement.txt (line 36)) (2.2.2)
Requirement already satisfied: torchvision==0.17.2 in ./birul001-gan/lib/python3.9/site-packages (from -r /home/msai/birul001/gan-project/gan-HC-SCDNet/ccds-files/requirement.txt (line 37)) (0.17.2)
Requirement already satisfied: transformers==4.57.0 in ./birul001-gan/lib/python3.9/site-packages (from -r /home/msai/birul001/gan-project/gan-HC-SCDNet/ccds-files/requirement.txt (line 38)) (4.57.0)
Requirement already satisfied: tzdata==2025.2 in ./birul001-gan/lib/python3.9/site-packages (from -r /home/msai/birul001/gan-project/gan-HC-SCDNet/ccds-files/requirement.txt (line 39)) (2025.2)
Requirement already satisfied: webencodings==0.5.1 in ./birul001-gan/lib/python3.9/site-packages (from -r /home/msai/birul001/gan-project/gan-HC-SCDNet/ccds-files/requirement.txt (line 40)) (0.5.1)
Requirement already satisfied: xxhash==3.5.0 in ./birul001-gan/lib/python3.9/site-packages (from -r /home/msai/birul001/gan-project/gan-HC-SCDNet/ccds-files/requirement.txt (line 41)) (3.5.0)
Requirement already satisfied: zstandard==0.23.0 in ./birul001-gan/lib/python3.9/site-packages (from -r /home/msai/birul001/gan-project/gan-HC-SCDNet/ccds-files/requirement.txt (line 42)) (0.23.0)
Requirement already satisfied: packaging>=20.0 in ./birul001-gan/lib/python3.9/site-packages (from accelerate==1.10.1->-r /home/msai/birul001/gan-project/gan-HC-SCDNet/ccds-files/requirement.txt (line 1)) (25.0)
Requirement already satisfied: psutil in ./birul001-gan/lib/python3.9/site-packages (from accelerate==1.10.1->-r /home/msai/birul001/gan-project/gan-HC-SCDNet/ccds-files/requirement.txt (line 1)) (7.1.0)
Requirement already satisfied: pyyaml in ./birul001-gan/lib/python3.9/site-packages (from accelerate==1.10.1->-r /home/msai/birul001/gan-project/gan-HC-SCDNet/ccds-files/requirement.txt (line 1)) (6.0.3)
Requirement already satisfied: typing-extensions>=4.12 in ./birul001-gan/lib/python3.9/site-packages (from alembic==1.16.5->-r /home/msai/birul001/gan-project/gan-HC-SCDNet/ccds-files/requirement.txt (line 2)) (4.15.0)
Requirement already satisfied: tomli in ./birul001-gan/lib/python3.9/site-packages (from alembic==1.16.5->-r /home/msai/birul001/gan-project/gan-HC-SCDNet/ccds-files/requirement.txt (line 2)) (2.3.0)
Requirement already satisfied: requests in ./birul001-gan/lib/python3.9/site-packages (from bert-score==0.3.13->-r /home/msai/birul001/gan-project/gan-HC-SCDNet/ccds-files/requirement.txt (line 4)) (2.32.5)
Requirement already satisfied: tqdm>=4.31.1 in ./birul001-gan/lib/python3.9/site-packages (from bert-score==0.3.13->-r /home/msai/birul001/gan-project/gan-HC-SCDNet/ccds-files/requirement.txt (line 4)) (4.67.1)
Requirement already satisfied: greenlet!=0.4.17 in ./birul001-gan/lib/python3.9/site-packages (from SQLAlchemy==1.4.54->-r /home/msai/birul001/gan-project/gan-HC-SCDNet/ccds-files/requirement.txt (line 31)) (3.2.4)
Requirement already satisfied: filelock in ./birul001-gan/lib/python3.9/site-packages (from datasets==4.0.0->-r /home/msai/birul001/gan-project/gan-HC-SCDNet/ccds-files/requirement.txt (line 6)) (3.19.1)
Requirement already satisfied: importlib_metadata in ./birul001-gan/lib/python3.9/site-packages (from diffusers==0.34.0->-r /home/msai/birul001/gan-project/gan-HC-SCDNet/ccds-files/requirement.txt (line 7)) (8.7.0)
Requirement already satisfied: regex!=2019.12.17 in ./birul001-gan/lib/python3.9/site-packages (from diffusers==0.34.0->-r /home/msai/birul001/gan-project/gan-HC-SCDNet/ccds-files/requirement.txt (line 7)) (2025.9.18)
Requirement already satisfied: Pillow in ./birul001-gan/lib/python3.9/site-packages (from diffusers==0.34.0->-r /home/msai/birul001/gan-project/gan-HC-SCDNet/ccds-files/requirement.txt (line 7)) (11.3.0)
Requirement already satisfied: hf-xet<2.0.0,>=1.1.3 in ./birul001-gan/lib/python3.9/site-packages (from huggingface-hub==0.35.3->-r /home/msai/birul001/gan-project/gan-HC-SCDNet/ccds-files/requirement.txt (line 11)) (1.1.10)
Requirement already satisfied: MarkupSafe>=0.9.2 in ./birul001-gan/lib/python3.9/site-packages (from Mako==1.3.10->-r /home/msai/birul001/gan-project/gan-HC-SCDNet/ccds-files/requirement.txt (line 15)) (3.0.3)
Requirement already satisfied: python-dateutil>=2.8.2 in ./birul001-gan/lib/python3.9/site-packages (from pandas==2.3.2->-r /home/msai/birul001/gan-project/gan-HC-SCDNet/ccds-files/requirement.txt (line 21)) (2.9.0.post0)
Requirement already satisfied: colorama in ./birul001-gan/lib/python3.9/site-packages (from sacrebleu==2.5.1->-r /home/msai/birul001/gan-project/gan-HC-SCDNet/ccds-files/requirement.txt (line 26)) (0.4.6)
Requirement already satisfied: sympy in ./birul001-gan/lib/python3.9/site-packages (from torch==2.2.2->-r /home/msai/birul001/gan-project/gan-HC-SCDNet/ccds-files/requirement.txt (line 35)) (1.14.0)
Requirement already satisfied: networkx in ./birul001-gan/lib/python3.9/site-packages (from torch==2.2.2->-r /home/msai/birul001/gan-project/gan-HC-SCDNet/ccds-files/requirement.txt (line 35)) (3.2.1)
Requirement already satisfied: jinja2 in ./birul001-gan/lib/python3.9/site-packages (from torch==2.2.2->-r /home/msai/birul001/gan-project/gan-HC-SCDNet/ccds-files/requirement.txt (line 35)) (3.1.6)
Requirement already satisfied: nvidia-cuda-nvrtc-cu12==12.1.105 in ./birul001-gan/lib/python3.9/site-packages (from torch==2.2.2->-r /home/msai/birul001/gan-project/gan-HC-SCDNet/ccds-files/requirement.txt (line 35)) (12.1.105)
Requirement already satisfied: nvidia-cuda-runtime-cu12==12.1.105 in ./birul001-gan/lib/python3.9/site-packages (from torch==2.2.2->-r /home/msai/birul001/gan-project/gan-HC-SCDNet/ccds-files/requirement.txt (line 35)) (12.1.105)
Requirement already satisfied: nvidia-cuda-cupti-cu12==12.1.105 in ./birul001-gan/lib/python3.9/site-packages (from torch==2.2.2->-r /home/msai/birul001/gan-project/gan-HC-SCDNet/ccds-files/requirement.txt (line 35)) (12.1.105)
Requirement already satisfied: nvidia-cudnn-cu12==8.9.2.26 in ./birul001-gan/lib/python3.9/site-packages (from torch==2.2.2->-r /home/msai/birul001/gan-project/gan-HC-SCDNet/ccds-files/requirement.txt (line 35)) (8.9.2.26)
Requirement already satisfied: nvidia-cublas-cu12==12.1.3.1 in ./birul001-gan/lib/python3.9/site-packages (from torch==2.2.2->-r /home/msai/birul001/gan-project/gan-HC-SCDNet/ccds-files/requirement.txt (line 35)) (12.1.3.1)
Requirement already satisfied: nvidia-cufft-cu12==11.0.2.54 in ./birul001-gan/lib/python3.9/site-packages (from torch==2.2.2->-r /home/msai/birul001/gan-project/gan-HC-SCDNet/ccds-files/requirement.txt (line 35)) (11.0.2.54)
Requirement already satisfied: nvidia-curand-cu12==10.3.2.106 in ./birul001-gan/lib/python3.9/site-packages (from torch==2.2.2->-r /home/msai/birul001/gan-project/gan-HC-SCDNet/ccds-files/requirement.txt (line 35)) (10.3.2.106)
Requirement already satisfied: nvidia-cusolver-cu12==11.4.5.107 in ./birul001-gan/lib/python3.9/site-packages (from torch==2.2.2->-r /home/msai/birul001/gan-project/gan-HC-SCDNet/ccds-files/requirement.txt (line 35)) (11.4.5.107)
Requirement already satisfied: nvidia-cusparse-cu12==12.1.0.106 in ./birul001-gan/lib/python3.9/site-packages (from torch==2.2.2->-r /home/msai/birul001/gan-project/gan-HC-SCDNet/ccds-files/requirement.txt (line 35)) (12.1.0.106)
Requirement already satisfied: nvidia-nccl-cu12==2.19.3 in ./birul001-gan/lib/python3.9/site-packages (from torch==2.2.2->-r /home/msai/birul001/gan-project/gan-HC-SCDNet/ccds-files/requirement.txt (line 35)) (2.19.3)
Requirement already satisfied: nvidia-nvtx-cu12==12.1.105 in ./birul001-gan/lib/python3.9/site-packages (from torch==2.2.2->-r /home/msai/birul001/gan-project/gan-HC-SCDNet/ccds-files/requirement.txt (line 35)) (12.1.105)
Requirement already satisfied: triton==2.2.0 in ./birul001-gan/lib/python3.9/site-packages (from torch==2.2.2->-r /home/msai/birul001/gan-project/gan-HC-SCDNet/ccds-files/requirement.txt (line 35)) (2.2.0)
Requirement already satisfied: nvidia-nvjitlink-cu12 in ./birul001-gan/lib/python3.9/site-packages (from nvidia-cusolver-cu12==11.4.5.107->torch==2.2.2->-r /home/msai/birul001/gan-project/gan-HC-SCDNet/ccds-files/requirement.txt (line 35)) (12.9.86)
Requirement already satisfied: aiohttp!=4.0.0a0,!=4.0.0a1 in ./birul001-gan/lib/python3.9/site-packages (from fsspec[http]<=2025.3.0,>=2023.1.0->datasets==4.0.0->-r /home/msai/birul001/gan-project/gan-HC-SCDNet/ccds-files/requirement.txt (line 6)) (3.13.1)
Requirement already satisfied: contourpy>=1.0.1 in ./birul001-gan/lib/python3.9/site-packages (from matplotlib->-r /home/msai/birul001/gan-project/gan-HC-SCDNet/ccds-files/requirement.txt (line 16)) (1.3.0)
Requirement already satisfied: cycler>=0.10 in ./birul001-gan/lib/python3.9/site-packages (from matplotlib->-r /home/msai/birul001/gan-project/gan-HC-SCDNet/ccds-files/requirement.txt (line 16)) (0.12.1)
Requirement already satisfied: fonttools>=4.22.0 in ./birul001-gan/lib/python3.9/site-packages (from matplotlib->-r /home/msai/birul001/gan-project/gan-HC-SCDNet/ccds-files/requirement.txt (line 16)) (4.60.1)
Requirement already satisfied: kiwisolver>=1.3.1 in ./birul001-gan/lib/python3.9/site-packages (from matplotlib->-r /home/msai/birul001/gan-project/gan-HC-SCDNet/ccds-files/requirement.txt (line 16)) (1.4.7)
Requirement already satisfied: pyparsing>=2.3.1 in ./birul001-gan/lib/python3.9/site-packages (from matplotlib->-r /home/msai/birul001/gan-project/gan-HC-SCDNet/ccds-files/requirement.txt (line 16)) (3.2.5)
Requirement already satisfied: importlib-resources>=3.2.0 in ./birul001-gan/lib/python3.9/site-packages (from matplotlib->-r /home/msai/birul001/gan-project/gan-HC-SCDNet/ccds-files/requirement.txt (line 16)) (6.5.2)
Requirement already satisfied: aiohappyeyeballs>=2.5.0 in ./birul001-gan/lib/python3.9/site-packages (from aiohttp!=4.0.0a0,!=4.0.0a1->fsspec[http]<=2025.3.0,>=2023.1.0->datasets==4.0.0->-r /home/msai/birul001/gan-project/gan-HC-SCDNet/ccds-files/requirement.txt (line 6)) (2.6.1)
Requirement already satisfied: aiosignal>=1.4.0 in ./birul001-gan/lib/python3.9/site-packages (from aiohttp!=4.0.0a0,!=4.0.0a1->fsspec[http]<=2025.3.0,>=2023.1.0->datasets==4.0.0->-r /home/msai/birul001/gan-project/gan-HC-SCDNet/ccds-files/requirement.txt (line 6)) (1.4.0)
Requirement already satisfied: async-timeout<6.0,>=4.0 in ./birul001-gan/lib/python3.9/site-packages (from aiohttp!=4.0.0a0,!=4.0.0a1->fsspec[http]<=2025.3.0,>=2023.1.0->datasets==4.0.0->-r /home/msai/birul001/gan-project/gan-HC-SCDNet/ccds-files/requirement.txt (line 6)) (5.0.1)
Requirement already satisfied: attrs>=17.3.0 in ./birul001-gan/lib/python3.9/site-packages (from aiohttp!=4.0.0a0,!=4.0.0a1->fsspec[http]<=2025.3.0,>=2023.1.0->datasets==4.0.0->-r /home/msai/birul001/gan-project/gan-HC-SCDNet/ccds-files/requirement.txt (line 6)) (25.4.0)
Requirement already satisfied: frozenlist>=1.1.1 in ./birul001-gan/lib/python3.9/site-packages (from aiohttp!=4.0.0a0,!=4.0.0a1->fsspec[http]<=2025.3.0,>=2023.1.0->datasets==4.0.0->-r /home/msai/birul001/gan-project/gan-HC-SCDNet/ccds-files/requirement.txt (line 6)) (1.8.0)
Requirement already satisfied: multidict<7.0,>=4.5 in ./birul001-gan/lib/python3.9/site-packages (from aiohttp!=4.0.0a0,!=4.0.0a1->fsspec[http]<=2025.3.0,>=2023.1.0->datasets==4.0.0->-r /home/msai/birul001/gan-project/gan-HC-SCDNet/ccds-files/requirement.txt (line 6)) (6.7.0)
Requirement already satisfied: propcache>=0.2.0 in ./birul001-gan/lib/python3.9/site-packages (from aiohttp!=4.0.0a0,!=4.0.0a1->fsspec[http]<=2025.3.0,>=2023.1.0->datasets==4.0.0->-r /home/msai/birul001/gan-project/gan-HC-SCDNet/ccds-files/requirement.txt (line 6)) (0.4.1)
Requirement already satisfied: yarl<2.0,>=1.17.0 in ./birul001-gan/lib/python3.9/site-packages (from aiohttp!=4.0.0a0,!=4.0.0a1->fsspec[http]<=2025.3.0,>=2023.1.0->datasets==4.0.0->-r /home/msai/birul001/gan-project/gan-HC-SCDNet/ccds-files/requirement.txt (line 6)) (1.22.0)
Requirement already satisfied: idna>=2.0 in ./birul001-gan/lib/python3.9/site-packages (from yarl<2.0,>=1.17.0->aiohttp!=4.0.0a0,!=4.0.0a1->fsspec[http]<=2025.3.0,>=2023.1.0->datasets==4.0.0->-r /home/msai/birul001/gan-project/gan-HC-SCDNet/ccds-files/requirement.txt (line 6)) (3.11)
Requirement already satisfied: zipp>=3.1.0 in ./birul001-gan/lib/python3.9/site-packages (from importlib-resources>=3.2.0->matplotlib->-r /home/msai/birul001/gan-project/gan-HC-SCDNet/ccds-files/requirement.txt (line 16)) (3.23.0)
Requirement already satisfied: six>=1.5 in ./birul001-gan/lib/python3.9/site-packages (from python-dateutil>=2.8.2->pandas==2.3.2->-r /home/msai/birul001/gan-project/gan-HC-SCDNet/ccds-files/requirement.txt (line 21)) (1.17.0)
Requirement already satisfied: charset_normalizer<4,>=2 in ./birul001-gan/lib/python3.9/site-packages (from requests->bert-score==0.3.13->-r /home/msai/birul001/gan-project/gan-HC-SCDNet/ccds-files/requirement.txt (line 4)) (3.4.4)
Requirement already satisfied: urllib3<3,>=1.21.1 in ./birul001-gan/lib/python3.9/site-packages (from requests->bert-score==0.3.13->-r /home/msai/birul001/gan-project/gan-HC-SCDNet/ccds-files/requirement.txt (line 4)) (2.5.0)
Requirement already satisfied: certifi>=2017.4.17 in ./birul001-gan/lib/python3.9/site-packages (from requests->bert-score==0.3.13->-r /home/msai/birul001/gan-project/gan-HC-SCDNet/ccds-files/requirement.txt (line 4)) (2025.10.5)
Requirement already satisfied: mpmath<1.4,>=1.1.0 in ./birul001-gan/lib/python3.9/site-packages (from sympy->torch==2.2.2->-r /home/msai/birul001/gan-project/gan-HC-SCDNet/ccds-files/requirement.txt (line 35)) (1.3.0)
Running AI job on GPU...
AI job completed at Tue Oct 21 18:48:41 +08 2025
